Archive member included because of file (symbol)

./libee.a(ee_entry.o)         obj/pkg/mcu/freescale_mpc5674f/src/ee_boot.o (cpu_setup)
./libee.a(ee_e200zx_cpu.o)    obj/code.o (EE_e200z7_setup_decrementer)
./libee.a(ee_ivor.o)          ./libee.a(ee_entry.o) (ivor_setup)
./libee.a(ee_irq.o)           obj/code.o (EE_e200z7_register_ISR)
./libee.a(ee_irqendin.o)      ./libee.a(ee_irq.o) (EE_IRQ_end_instance)
./libee.a(ee_tstub.o)         obj/eecfg.o (EE_oo_thread_stub)
./libee.a(ee_lookup.o)        obj/code.o (EE_oo_IRQ_disable_count)
./libee.a(ee_rq_exchg.o)      ./libee.a(ee_irqendin.o) (EE_rq2stk_exchange)
./libee.a(ee_startos.o)       obj/code.o (EE_oo_StartOS)
./libee.a(ee_rq_first.o)      ./libee.a(ee_irqendin.o) (EE_rq_queryfirst)
./libee.a(ee_altick.o)        ./libee.a(ee_startos.o) (EE_oo_counter_object_insert)
./libee.a(ee_evclear.o)       obj/code.o (EE_oo_ClearEvent)
./libee.a(ee_evwait.o)        obj/code.o (EE_oo_WaitEvent)
./libee.a(ee_irq_stack.o)     ./libee.a(ee_irq.o) (EE_e200zx_call_ISR)
./libee.a(ee_oo.o)            ./libee.a(ee_tstub.o) (EE_hal_terminate_savestk)
./libee.a(ee_context.o)       ./libee.a(ee_irq.o) (EE_std_change_context)
./libee.a(ee_hal_structs.o)   ./libee.a(ee_irq.o) (EE_std_endcycle_next_tid)
./libee.a(ee_context.o)       ./libee.a(ee_context.o) (EE_std_run_task_code)
./libee.a(ee_thendin.o)       ./libee.a(ee_context.o) (EE_thread_end_instance)
./libee.a(ee_tnterm.o)        ./libee.a(ee_oo.o) (EE_thread_not_terminated)
./libee.a(ee_rq_inser.o)      ./libee.a(ee_startos.o) (EE_rq_insert)

Discarded input sections

 .group         0x00000000        0x8 obj/eecfg.o
 .group         0x00000000        0x8 obj/eecfg.o
 .group         0x00000000        0x8 obj/eecfg.o
 .group         0x00000000        0x8 obj/eecfg.o
 .group         0x00000000        0x8 obj/eecfg.o
 .group         0x00000000        0x8 obj/eecfg.o
 .group         0x00000000        0x8 obj/eecfg.o
 .group         0x00000000        0x8 obj/eecfg.o
 .group         0x00000000        0x8 obj/eecfg.o
 .group         0x00000000        0x8 obj/eecfg.o
 .group         0x00000000        0x8 obj/eecfg.o
 .group         0x00000000        0x8 obj/eecfg.o
 .group         0x00000000        0x8 obj/eecfg.o
 .group         0x00000000        0x8 obj/eecfg.o
 .group         0x00000000        0x8 obj/eecfg.o
 .group         0x00000000        0x8 obj/eecfg.o
 .group         0x00000000        0x8 obj/eecfg.o
 .group         0x00000000        0x8 obj/eecfg.o
 .group         0x00000000        0x8 obj/eecfg.o
 .group         0x00000000        0x8 obj/eecfg.o
 .group         0x00000000        0x8 obj/eecfg.o
 .group         0x00000000        0x8 obj/eecfg.o
 .group         0x00000000        0x8 obj/eecfg.o
 .group         0x00000000        0x8 obj/eecfg.o
 .group         0x00000000        0x8 obj/eecfg.o
 .text          0x00000000        0x0 obj/eecfg.o
 .data          0x00000000        0x0 obj/eecfg.o
 .bss           0x00000000        0x0 obj/eecfg.o
 .rodata.EE_hal_thread_body
                0x00000000        0x8 obj/eecfg.o
 .group         0x00000000        0x8 obj/code.o
 .group         0x00000000        0x8 obj/code.o
 .group         0x00000000        0x8 obj/code.o
 .group         0x00000000        0x8 obj/code.o
 .group         0x00000000        0x8 obj/code.o
 .group         0x00000000        0x8 obj/code.o
 .group         0x00000000        0x8 obj/code.o
 .group         0x00000000        0x8 obj/code.o
 .group         0x00000000        0x8 obj/code.o
 .group         0x00000000        0x8 obj/code.o
 .group         0x00000000        0x8 obj/code.o
 .group         0x00000000        0x8 obj/code.o
 .group         0x00000000        0x8 obj/code.o
 .group         0x00000000        0x8 obj/code.o
 .group         0x00000000        0x8 obj/code.o
 .group         0x00000000        0x8 obj/code.o
 .group         0x00000000        0x8 obj/code.o
 .group         0x00000000        0x8 obj/code.o
 .group         0x00000000        0x8 obj/code.o
 .group         0x00000000        0x8 obj/code.o
 .group         0x00000000        0x8 obj/code.o
 .group         0x00000000        0x8 obj/code.o
 .group         0x00000000        0x8 obj/code.o
 .group         0x00000000        0x8 obj/code.o
 .group         0x00000000        0x8 obj/code.o
 .group         0x00000000        0x8 obj/code.o
 .text          0x00000000        0x0 obj/code.o
 .data          0x00000000        0x0 obj/code.o
 .bss           0x00000000        0x0 obj/code.o
 .text.mydelay  0x00000000       0x38 obj/code.o
 .text.led_blink
                0x00000000      0x13c obj/code.o
 .bss.task1_ctr
                0x00000000        0x4 obj/code.o
 .bss.task1_fired
                0x00000000        0x4 obj/code.o
 .bss.task1_state
                0x00000000        0x4 obj/code.o
 .bss.task2_fired
                0x00000000        0x4 obj/code.o
 .data.tunable_delay
                0x00000000        0x4 obj/code.o
 .bss.dummy_shared_variable
[...]
Memory Configuration

Name             Origin             Length             Attributes
iboot            0x00000000         0x00020000         xr
iflash           0x00020000         0x001c0000         xr
isram            0x40000000         0x00040000         xrw
*default*        0x00000000         0xffffffff

Linker script and memory map

                0x40000000                isram_base = ORIGIN (isram)
                0x00040000                isram_len = 0x40000

.boot           0x40000000      0x104
 *(.boot)
 .boot          0x40000000       0xfc obj/pkg/mcu/freescale_mpc5674f/src/ee_boot.o
                0x40000000                __start
 *fill*         0x400000fc        0x4 
 .boot          0x40000100        0x4 ./libee.a(ee_entry.o)
                0x40000100                sram_setup

.text           0x40000200     0x1b64
 *(.text)
 .text          0x40000200      0x128 ./libee.a(ee_entry.o)
                0x400002bc                EE_e200zx_external_input_handler
                0x400002d8                EE_e200zx_decrementer_handler
                0x400002f0                EE_e200zx_fixed_intv_handler
                0x40000308                cpu_setup
 *fill*         0x40000328       0xd8 
 .text          0x40000400      0x1e0 ./libee.a(ee_ivor.o)
                0x40000510                ivor_setup
 .text          0x400005e0       0x60 ./libee.a(ee_irq_stack.o)
                0x400005e0                EE_e200zx_call_ISR
 .text          0x40000640       0xf4 ./libee.a(ee_oo.o)
                0x40000640                EE_hal_terminate_savestk
                0x400006cc                EE_hal_terminate_task
 .text          0x40000734      0x118 ./libee.a(ee_context.o)
                0x40000734                EE_std_change_context
 *(.text.*)
 .text.Buttons_Interrupt
                0x4000084c       0x24 obj/code.o
 .text.Counter_Interrupt
                0x40000870       0x40 obj/code.o
 .text.FuncTask1
                0x400008b0       0x78 obj/code.o
                0x400008b0                FuncTask1
 .text.FuncTask2
                0x40000928       0x7c obj/code.o
                0x40000928                FuncTask2
 .text.main     0x400009a4      0x180 obj/code.o
                0x400009a4                main
 .text.EE_e200z7_setup_decrementer
                0x40000b24       0x18 ./libee.a(ee_e200zx_cpu.o)
                0x40000b24                EE_e200z7_setup_decrementer
 .text.EE_e200z7_register_ISR
                0x40000b3c       0x34 ./libee.a(ee_irq.o)
                0x40000b3c                EE_e200z7_register_ISR
 .text.EE_e200z7_irq
                0x40000b70       0xe8 ./libee.a(ee_irq.o)
                0x40000b70                EE_e200z7_irq
 .text.EE_IRQ_end_instance
                0x40000c58       0xfc ./libee.a(ee_irqendin.o)
                0x40000c58                EE_IRQ_end_instance
 .text.EE_IRQ_end_post_stub
                0x40000d54       0x2c ./libee.a(ee_irqendin.o)
                0x40000d54                EE_IRQ_end_post_stub
 .text.EE_oo_thread_stub
                0x40000d80       0x28 ./libee.a(ee_tstub.o)
                0x40000d80                EE_oo_thread_stub
 .text.EE_rq2stk_exchange
                0x40000da8       0xcc ./libee.a(ee_rq_exchg.o)
                0x40000da8                EE_rq2stk_exchange
 .text.EE_oo_StartOS
                0x40000e74      0x264 ./libee.a(ee_startos.o)
                0x40000e74                EE_oo_StartOS
 .text.EE_rq_queryfirst
                0x400010d8       0x70 ./libee.a(ee_rq_first.o)
                0x400010d8                EE_rq_queryfirst
 .text.EE_oo_counter_object_insert
                0x40001148      0x12c ./libee.a(ee_altick.o)
                0x40001148                EE_oo_counter_object_insert
 .text.EE_oo_IncrementCounterImplementation
                0x40001274      0x3a0 ./libee.a(ee_altick.o)
                0x40001274                EE_oo_IncrementCounterImplementation
 .text.EE_oo_IncrementCounter
                0x40001614      0x158 ./libee.a(ee_altick.o)
                0x40001614                EE_oo_IncrementCounter
 .text.EE_oo_ClearEvent
                0x4000176c       0x9c ./libee.a(ee_evclear.o)
                0x4000176c                EE_oo_ClearEvent
 .text.EE_oo_WaitEvent
                0x40001808      0x224 ./libee.a(ee_evwait.o)
                0x40001808                EE_oo_WaitEvent
 .text.EE_std_run_task_code
                0x40001a2c       0x34 ./libee.a(ee_context.o)
                0x40001a2c                EE_std_run_task_code
 .text.EE_thread_end_instance
                0x40001a60      0x22c ./libee.a(ee_thendin.o)
                0x40001a60                EE_thread_end_instance
 .text.EE_thread_not_terminated
                0x40001c8c       0x28 ./libee.a(ee_tnterm.o)
                0x40001c8c                EE_thread_not_terminated
 .text.EE_rq_insert
                0x40001cb4       0xb0 ./libee.a(ee_rq_inser.o)
                0x40001cb4                EE_rq_insert
 *(.init)
 *(.fini)
 *(rdata)
 *(.eini)

.glink          0x40001d64        0x0
 .glink         0x00000000        0x0 obj/eecfg.o

.rodata         0x40001d64      0x1b8
 *(.rodata)
 *(.rodata.*)
 .rodata.EE_oo_autostart_alarm_data
                0x40001d64        0x8 obj/eecfg.o
                0x40001d64                EE_oo_autostart_alarm_data
 .rodata.EE_oo_action_ROM
                0x40001d6c       0x28 obj/eecfg.o
                0x40001d6c                EE_oo_action_ROM
 .rodata.EE_th_is_extended
                0x40001d94        0x8 obj/eecfg.o
                0x40001d94                EE_th_is_extended
 .rodata.EE_std_thread_tos
                0x40001d9c        0xc obj/eecfg.o
                0x40001d9c                EE_std_thread_tos
 .rodata.EE_oo_autostart_task_mode_OSDEFAULTAPPMODE
                0x40001da8        0x8 obj/eecfg.o
 .rodata.EE_oo_autostart_alarm_mode_OSDEFAULTAPPMODE
                0x40001db0        0x8 obj/eecfg.o
 .rodata.EE_oo_counter_object_ROM
                0x40001db8       0x18 obj/eecfg.o
                0x40001db8                EE_oo_counter_object_ROM
 .rodata.EE_th_rnact_max
                0x40001dd0        0x8 obj/eecfg.o
                0x40001dd0                EE_th_rnact_max
 .rodata.EE_oo_autostart_task_data
                0x40001dd8        0x8 obj/eecfg.o
                0x40001dd8                EE_oo_autostart_task_data
 .rodata.EE_alarm_ROM
                0x40001de0        0x8 obj/eecfg.o
                0x40001de0                EE_alarm_ROM
 .rodata.EE_counter_ROM
                0x40001de8        0xc obj/eecfg.o
                0x40001de8                EE_counter_ROM
 .rodata.EE_th_dispatch_prio
                0x40001df4        0x8 obj/eecfg.o
                0x40001df4                EE_th_dispatch_prio
 .rodata.EE_th_ready_prio
                0x40001dfc        0x8 obj/eecfg.o
                0x40001dfc                EE_th_ready_prio
 .rodata.EE_oo_autostart_alarm_increment
                0x40001e04        0x8 obj/eecfg.o
                0x40001e04                EE_oo_autostart_alarm_increment
 .rodata.EE_terminate_real_th_body
                0x40001e0c        0x8 obj/eecfg.o
                0x40001e0c                EE_terminate_real_th_body
 .rodata.EE_oo_autostart_alarm_cycle
                0x40001e14        0x8 obj/eecfg.o
                0x40001e14                EE_oo_autostart_alarm_cycle
 .rodata.EE_rq_lookup
                0x40001e1c      0x100 ./libee.a(ee_lookup.o)
                0x40001e1c                EE_rq_lookup

.eh_frame       0x40001f1c        0x0
 .eh_frame      0x00000000        0x0 obj/eecfg.o

.eh_frame_hdr   0x40001f1c        0x0
 .eh_frame_hdr  0x00000000        0x0 ./libee.a(ee_rq_inser.o)

.rela.dyn       0x40001f1c        0x0
 .rela.iplt     0x00000000        0x0 obj/eecfg.o
 .rela.rodata.EE_hal_thread_body
                0x00000000        0x0 obj/eecfg.o
 .rela.rodata.EE_terminate_real_th_body
                0x00000000        0x0 obj/eecfg.o
 .rela.text.led_blink
                0x00000000        0x0 obj/eecfg.o
 .rela.boot     0x00000000        0x0 obj/eecfg.o
 .rela.text.EE_e200z7_irq
                0x00000000        0x0 obj/eecfg.o
 .rela.text.EE_IRQ_end_instance
                0x00000000        0x0 obj/eecfg.o
 .rela.text.EE_IRQ_end_post_stub
                0x00000000        0x0 obj/eecfg.o
 .rela.text.EE_oo_IncrementCounter
                0x00000000        0x0 obj/eecfg.o
 .rela.text.EE_oo_ClearEvent
                0x00000000        0x0 obj/eecfg.o
 .rela.text.EE_oo_WaitEvent
                0x00000000        0x0 obj/eecfg.o

.sdata2         0x40001f1c        0x0
                0x00008000                _SDA2_BASE_ = 0x8000
 *(.sdata2)
 *(.sdata2.*)

.sbss2          0x40001f1c        0x0
                0x40001f1c                ee_ssbss2 = .
 *(.sbss2)
 *(.sbss2.*)
                0x40001f1c                ee_esbss2 = .

.data           0x40001f1c       0xc4
                0x40001f1c                ee_load_ram = .
                0x40001f1c                ee_sdata = .
 *(.data)
 *(.data.*)
 .data.EE_rq_queues_head
                0x40001f1c       0x40 obj/eecfg.o
                0x40001f1c                EE_rq_queues_head
 .data.EE_rq_queues_tail
                0x40001f5c       0x40 obj/eecfg.o
                0x40001f5c                EE_rq_queues_tail
 .data.EE_th_terminate_nextask
                0x40001f9c        0x8 obj/eecfg.o
                0x40001f9c                EE_th_terminate_nextask
 .data.EE_th_rnact
                0x40001fa4        0x8 obj/eecfg.o
                0x40001fa4                EE_th_rnact
 .data.EE_th_status
                0x40001fac        0x8 obj/eecfg.o
                0x40001fac                EE_th_status
 .data.EE_th_next
                0x40001fb4        0x8 obj/eecfg.o
                0x40001fb4                EE_th_next
 .data.EE_e200z7_system_tos
                0x40001fbc        0xc obj/eecfg.o
                0x40001fbc                EE_e200z7_system_tos
 .data.EE_e200z7_IRQ_tos
                0x40001fc8        0x4 obj/eecfg.o
                0x40001fc8                EE_e200z7_IRQ_tos
 .data.EE_rq_pairs_next
                0x40001fcc        0x8 obj/eecfg.o
                0x40001fcc                EE_rq_pairs_next
 .data.EE_counter_RAM
                0x40001fd4        0x8 obj/eecfg.o
                0x40001fd4                EE_counter_RAM
 .data.EE_stkfirst
                0x40001fdc        0x4 obj/eecfg.o
                0x40001fdc                EE_stkfirst

.sdata          0x40001fe0        0x0
                0x00008000                _SDA_BASE_ = 0x8000
 *(.sdata)
 *(.sdata.*)

.sbss           0x40001fe0        0x0
                0x40001fe0                ee_sbss = .
 *(.sbss)
 *(.sbss.*)

.bss            0x40001fe0      0x848
 *(.bss)
 .bss           0x40001fe0        0x4 ./libee.a(ee_irq_stack.o)
                0x40001fe0                EE_e200zx_tmp_tos
 *(.bss.*)
 .bss.EE_e200z7_active_tos
                0x40001fe4        0x4 obj/eecfg.o
                0x40001fe4                EE_e200z7_active_tos
 .bss.EE_rq_free
                0x40001fe8        0x4 obj/eecfg.o
                0x40001fe8                EE_rq_free
 .bss.EE_rq_bitmask
                0x40001fec        0x2 obj/eecfg.o
                0x40001fec                EE_rq_bitmask
 *fill*         0x40001fee        0x2 
 .bss.EE_ApplicationMode
                0x40001ff0        0x4 obj/eecfg.o
                0x40001ff0                EE_ApplicationMode
 .bss.EE_sys_ceiling
                0x40001ff4        0x4 obj/eecfg.o
                0x40001ff4                EE_sys_ceiling
 .bss.EE_terminate_data
                0x40001ff8        0x8 obj/eecfg.o
                0x40001ff8                EE_terminate_data
 .bss.EE_th_waswaiting
                0x40002000        0x8 obj/eecfg.o
                0x40002000                EE_th_waswaiting
 .bss.EE_oo_counter_object_RAM
                0x40002008       0x20 obj/eecfg.o
                0x40002008                EE_oo_counter_object_RAM
 .bss.EE_rq_link
                0x40002028        0x8 obj/eecfg.o
                0x40002028                EE_rq_link
 .bss.EE_th_event_waitmask
                0x40002030        0x8 obj/eecfg.o
                0x40002030                EE_th_event_waitmask
 .bss.EE_rq_pairs_tid
                0x40002038        0x8 obj/eecfg.o
                0x40002038                EE_rq_pairs_tid
 .bss.EE_th_event_active
                0x40002040        0x8 obj/eecfg.o
                0x40002040                EE_th_event_active
 .bss.LED7.8587
                0x40002048        0x4 obj/code.o
 .bss.button_fired
                0x4000204c        0x4 obj/code.o
                0x4000204c                button_fired
 .bss.timer_divisor
                0x40002050        0x4 obj/code.o
                0x40002050                timer_divisor
 .bss.LED3.8582
                0x40002054        0x4 obj/code.o
 .bss.EE_e200z7_ISR_table
                0x40002058      0x7a8 ./libee.a(ee_irq.o)
                0x40002058                EE_e200z7_ISR_table
 .bss.EE_oo_IRQ_disable_count
                0x40002800        0x4 ./libee.a(ee_lookup.o)
                0x40002800                EE_oo_IRQ_disable_count
 .bss.EE_ORTI_lasterror
                0x40002804        0x1 ./libee.a(ee_startos.o)
                0x40002804                EE_ORTI_lasterror
 .bss.EE_ORTI_servicetrace
                0x40002805        0x1 ./libee.a(ee_startos.o)
                0x40002805                EE_ORTI_servicetrace
 *fill*         0x40002806        0x2 
 .bss.EE_ORTI_runningisr2
                0x40002808        0x4 ./libee.a(ee_startos.o)
                0x40002808                EE_ORTI_runningisr2
 .bss.EE_ORTI_th_priority
                0x4000280c        0x8 ./libee.a(ee_startos.o)
                0x4000280c                EE_ORTI_th_priority
 .bss.EE_oo_started
                0x40002814        0x4 ./libee.a(ee_startos.o)
                0x40002814                EE_oo_started
 .bss.EE_ORTI_alarmtime
                0x40002818        0x8 ./libee.a(ee_altick.o)
 .bss.EE_IRQ_nesting_level
                0x40002820        0x4 ./libee.a(ee_hal_structs.o)
                0x40002820                EE_IRQ_nesting_level
 .bss.EE_std_endcycle_next_tid
                0x40002824        0x4 ./libee.a(ee_hal_structs.o)
                0x40002824                EE_std_endcycle_next_tid
                0x40002828                ee_ebss = .

.iplt           0x40002830        0x0
 .iplt          0x00000000        0x0 obj/eecfg.o

.stack          0x40002830     0x4000
                0x40002830                ee_sstack = .
 *(.stack)
 .stack         0x40002830     0x3000 obj/eecfg.o
 .stack         0x40005830     0x1000 ./libee.a(ee_e200zx_cpu.o)
                0x40005830                EE_e200zx_sys_stack
                0x40006830                ee_estack = .
LOAD obj/eecfg.o
LOAD obj/code.o
LOAD obj/pkg/mcu/freescale_mpc5674f/src/ee_boot.o
LOAD ./libee.a
OUTPUT(ppc.elf elf32-powerpc)

.debug_info     0x00000000     0x9b8c
 .debug_info    0x00000000      0x9a5 obj/eecfg.o
 .debug_info    0x000009a5      0xb6b obj/code.o
 .debug_info    0x00001510       0xca obj/pkg/mcu/freescale_mpc5674f/src/ee_boot.o
 .debug_info    0x000015da       0xbb ./libee.a(ee_entry.o)
 .debug_info    0x00001695      0x9ad ./libee.a(ee_e200zx_cpu.o)
 .debug_info    0x00002042       0xbe ./libee.a(ee_ivor.o)
 .debug_info    0x00002100      0xafd ./libee.a(ee_irq.o)
 .debug_info    0x00002bfd      0x78e ./libee.a(ee_irqendin.o)
 .debug_info    0x0000338b      0x624 ./libee.a(ee_tstub.o)
 .debug_info    0x000039af      0x55d ./libee.a(ee_lookup.o)
 .debug_info    0x00003f0c      0x60f ./libee.a(ee_rq_exchg.o)
 .debug_info    0x0000451b      0xd46 ./libee.a(ee_startos.o)
 .debug_info    0x00005261      0x5bd ./libee.a(ee_rq_first.o)
 .debug_info    0x0000581e      0xef5 ./libee.a(ee_altick.o)
 .debug_info    0x00006713      0x75f ./libee.a(ee_evclear.o)
 .debug_info    0x00006e72      0xa5d ./libee.a(ee_evwait.o)
 .debug_info    0x000078cf       0xc3 ./libee.a(ee_irq_stack.o)
 .debug_info    0x00007992       0xbc ./libee.a(ee_oo.o)
 .debug_info    0x00007a4e       0xc1 ./libee.a(ee_context.o)
 .debug_info    0x00007b0f      0x559 ./libee.a(ee_hal_structs.o)
 .debug_info    0x00008068      0x61f ./libee.a(ee_context.o)
 .debug_info    0x00008687      0x8fb ./libee.a(ee_thendin.o)
 .debug_info    0x00008f82      0x5ef ./libee.a(ee_tnterm.o)
 .debug_info    0x00009571      0x61b ./libee.a(ee_rq_inser.o)

.debug_abbrev   0x00000000     0x253a
 .debug_abbrev  0x00000000      0x15c obj/eecfg.o
 .debug_abbrev  0x0000015c      0x347 obj/code.o
 .debug_abbrev  0x000004a3       0x14 obj/pkg/mcu/freescale_mpc5674f/src/ee_boot.o
 .debug_abbrev  0x000004b7       0x12 ./libee.a(ee_entry.o)
 .debug_abbrev  0x000004c9      0x216 ./libee.a(ee_e200zx_cpu.o)
 .debug_abbrev  0x000006df       0x14 ./libee.a(ee_ivor.o)
 .debug_abbrev  0x000006f3      0x302 ./libee.a(ee_irq.o)
 .debug_abbrev  0x000009f5      0x226 ./libee.a(ee_irqendin.o)
 .debug_abbrev  0x00000c1b      0x18b ./libee.a(ee_tstub.o)
 .debug_abbrev  0x00000da6      0x10e ./libee.a(ee_lookup.o)
 .debug_abbrev  0x00000eb4      0x14c ./libee.a(ee_rq_exchg.o)
 .debug_abbrev  0x00001000      0x34e ./libee.a(ee_startos.o)
 .debug_abbrev  0x0000134e      0x12e ./libee.a(ee_rq_first.o)
 .debug_abbrev  0x0000147c      0x39a ./libee.a(ee_altick.o)
 .debug_abbrev  0x00001816      0x239 ./libee.a(ee_evclear.o)
 .debug_abbrev  0x00001a4f      0x2bd ./libee.a(ee_evwait.o)
 .debug_abbrev  0x00001d0c       0x14 ./libee.a(ee_irq_stack.o)
 .debug_abbrev  0x00001d20       0x14 ./libee.a(ee_oo.o)
 .debug_abbrev  0x00001d34       0x14 ./libee.a(ee_context.o)
 .debug_abbrev  0x00001d48      0x10e ./libee.a(ee_hal_structs.o)
 .debug_abbrev  0x00001e56      0x188 ./libee.a(ee_context.o)
 .debug_abbrev  0x00001fde      0x265 ./libee.a(ee_thendin.o)
 .debug_abbrev  0x00002243      0x1ad ./libee.a(ee_tnterm.o)
 .debug_abbrev  0x000023f0      0x14a ./libee.a(ee_rq_inser.o)

.debug_aranges  0x00000000      0x370
 .debug_aranges
                0x00000000       0x18 obj/eecfg.o
 .debug_aranges
                0x00000018       0x50 obj/code.o
 .debug_aranges
                0x00000068       0x20 obj/pkg/mcu/freescale_mpc5674f/src/ee_boot.o
 .debug_aranges
                0x00000088       0x28 ./libee.a(ee_entry.o)
 .debug_aranges
                0x000000b0       0x48 ./libee.a(ee_e200zx_cpu.o)
 .debug_aranges
                0x000000f8       0x20 ./libee.a(ee_ivor.o)
 .debug_aranges
                0x00000118       0x28 ./libee.a(ee_irq.o)
 .debug_aranges
                0x00000140       0x28 ./libee.a(ee_irqendin.o)
 .debug_aranges
                0x00000168       0x20 ./libee.a(ee_tstub.o)
 .debug_aranges
                0x00000188       0x18 ./libee.a(ee_lookup.o)
 .debug_aranges
                0x000001a0       0x20 ./libee.a(ee_rq_exchg.o)
 .debug_aranges
                0x000001c0       0x20 ./libee.a(ee_startos.o)
 .debug_aranges
                0x000001e0       0x20 ./libee.a(ee_rq_first.o)
 .debug_aranges
                0x00000200       0x38 ./libee.a(ee_altick.o)
 .debug_aranges
                0x00000238       0x20 ./libee.a(ee_evclear.o)
 .debug_aranges
                0x00000258       0x20 ./libee.a(ee_evwait.o)
 .debug_aranges
                0x00000278       0x20 ./libee.a(ee_irq_stack.o)
 .debug_aranges
                0x00000298       0x20 ./libee.a(ee_oo.o)
 .debug_aranges
                0x000002b8       0x20 ./libee.a(ee_context.o)
 .debug_aranges
                0x000002d8       0x18 ./libee.a(ee_hal_structs.o)
 .debug_aranges
                0x000002f0       0x20 ./libee.a(ee_context.o)
 .debug_aranges
                0x00000310       0x20 ./libee.a(ee_thendin.o)
 .debug_aranges
                0x00000330       0x20 ./libee.a(ee_tnterm.o)
 .debug_aranges
                0x00000350       0x20 ./libee.a(ee_rq_inser.o)

.debug_macro    0x00000000     0x3082
 .debug_macro   0x00000000      0x187 obj/eecfg.o
 .debug_macro   0x00000187      0x5fe obj/eecfg.o
 .debug_macro   0x00000785       0xd7 obj/eecfg.o
 .debug_macro   0x0000085c       0x22 obj/eecfg.o
 .debug_macro   0x0000087e       0x64 obj/eecfg.o
 .debug_macro   0x000008e2      0x10c obj/eecfg.o
 .debug_macro   0x000009ee       0x1d obj/eecfg.o
 .debug_macro   0x00000a0b       0x10 obj/eecfg.o
 .debug_macro   0x00000a1b       0x22 obj/eecfg.o
 .debug_macro   0x00000a3d       0x61 obj/eecfg.o
 .debug_macro   0x00000a9e       0x4c obj/eecfg.o
 .debug_macro   0x00000aea       0x10 obj/eecfg.o
 .debug_macro   0x00000afa       0x73 obj/eecfg.o
 .debug_macro   0x00000b6d      0x18c obj/eecfg.o
 .debug_macro   0x00000cf9       0x28 obj/eecfg.o
 .debug_macro   0x00000d21       0xf3 obj/eecfg.o
 .debug_macro   0x00000e14      0x342 obj/eecfg.o
 .debug_macro   0x00001156       0x35 obj/eecfg.o
 .debug_macro   0x0000118b       0xab obj/eecfg.o
 .debug_macro   0x00001236      0x144 obj/eecfg.o
 .debug_macro   0x0000137a       0x88 obj/eecfg.o
 .debug_macro   0x00001402       0xd1 obj/eecfg.o
 .debug_macro   0x000014d3       0x6a obj/eecfg.o
 .debug_macro   0x0000153d       0x18 obj/eecfg.o
 .debug_macro   0x00001555       0x16 obj/eecfg.o
 .debug_macro   0x0000156b       0x1d obj/eecfg.o
 .debug_macro   0x00001588      0x18e obj/code.o
 .debug_macro   0x00001716      0x11a obj/code.o
 .debug_macro   0x00001830      0x170 ./libee.a(ee_e200zx_cpu.o)
 .debug_macro   0x000019a0       0x10 ./libee.a(ee_e200zx_cpu.o)
 .debug_macro   0x000019b0       0x12 ./libee.a(ee_e200zx_cpu.o)
 .debug_macro   0x000019c2       0x26 ./libee.a(ee_e200zx_cpu.o)
 .debug_macro   0x000019e8       0xa4 ./libee.a(ee_e200zx_cpu.o)
 .debug_macro   0x00001a8c      0x199 ./libee.a(ee_irq.o)
 .debug_macro   0x00001c25       0x1c ./libee.a(ee_irq.o)
 .debug_macro   0x00001c41      0x176 ./libee.a(ee_irqendin.o)
 .debug_macro   0x00001db7      0x170 ./libee.a(ee_tstub.o)
 .debug_macro   0x00001f27      0x170 ./libee.a(ee_lookup.o)
 .debug_macro   0x00002097      0x170 ./libee.a(ee_rq_exchg.o)
 .debug_macro   0x00002207      0x17e ./libee.a(ee_startos.o)
 .debug_macro   0x00002385      0x170 ./libee.a(ee_rq_first.o)
 .debug_macro   0x000024f5      0x17d ./libee.a(ee_altick.o)
 .debug_macro   0x00002672      0x170 ./libee.a(ee_evclear.o)
 .debug_macro   0x000027e2      0x170 ./libee.a(ee_evwait.o)
 .debug_macro   0x00002952      0x170 ./libee.a(ee_hal_structs.o)
 .debug_macro   0x00002ac2      0x170 ./libee.a(ee_context.o)
 .debug_macro   0x00002c32      0x170 ./libee.a(ee_thendin.o)
 .debug_macro   0x00002da2      0x170 ./libee.a(ee_tnterm.o)
 .debug_macro   0x00002f12      0x170 ./libee.a(ee_rq_inser.o)

.debug_line     0x00000000     0x68e9
 .debug_line    0x00000000      0x4b6 obj/eecfg.o
 .debug_line    0x000004b6      0x6bd obj/code.o
 .debug_line    0x00000b73       0xef obj/pkg/mcu/freescale_mpc5674f/src/ee_boot.o
 .debug_line    0x00000c62       0xfe ./libee.a(ee_entry.o)
 .debug_line    0x00000d60      0x61a ./libee.a(ee_e200zx_cpu.o)
 .debug_line    0x0000137a       0xc5 ./libee.a(ee_ivor.o)
 .debug_line    0x0000143f      0x5b8 ./libee.a(ee_irq.o)
 .debug_line    0x000019f7      0x575 ./libee.a(ee_irqendin.o)
 .debug_line    0x00001f6c      0x52f ./libee.a(ee_tstub.o)
 .debug_line    0x0000249b      0x51f ./libee.a(ee_lookup.o)
 .debug_line    0x000029ba      0x541 ./libee.a(ee_rq_exchg.o)
 .debug_line    0x00002efb      0x5f4 ./libee.a(ee_startos.o)
 .debug_line    0x000034ef      0x53a ./libee.a(ee_rq_first.o)
 .debug_line    0x00003a29      0x681 ./libee.a(ee_altick.o)
 .debug_line    0x000040aa      0x56d ./libee.a(ee_evclear.o)
 .debug_line    0x00004617      0x5c1 ./libee.a(ee_evwait.o)
 .debug_line    0x00004bd8       0xbd ./libee.a(ee_irq_stack.o)
 .debug_line    0x00004c95       0xdc ./libee.a(ee_oo.o)
 .debug_line    0x00004d71       0xeb ./libee.a(ee_context.o)
 .debug_line    0x00004e5c      0x525 ./libee.a(ee_hal_structs.o)
 .debug_line    0x00005381      0x549 ./libee.a(ee_context.o)
 .debug_line    0x000058ca      0x5a2 ./libee.a(ee_thendin.o)
 .debug_line    0x00005e6c      0x542 ./libee.a(ee_tnterm.o)
 .debug_line    0x000063ae      0x53b ./libee.a(ee_rq_inser.o)

.debug_str      0x00000000     0x8f13
 .debug_str     0x00000000     0x6e78 obj/eecfg.o
                               0x6ff5 (size before relaxing)
 .debug_str     0x00006e78      0x76f obj/code.o
                               0x7246 (size before relaxing)
 .debug_str     0x000075e7      0xa56 ./libee.a(ee_e200zx_cpu.o)
                               0x6f8b (size before relaxing)
 .debug_str     0x0000803d      0x267 ./libee.a(ee_irq.o)
                               0x7339 (size before relaxing)
 .debug_str     0x000082a4      0x214 ./libee.a(ee_irqendin.o)
                               0x705e (size before relaxing)
 .debug_str     0x000084b8       0x9c ./libee.a(ee_tstub.o)
                               0x6f90 (size before relaxing)
 .debug_str     0x00008554       0x72 ./libee.a(ee_lookup.o)
                               0x6e46 (size before relaxing)
 .debug_str     0x000085c6       0x74 ./libee.a(ee_rq_exchg.o)
                               0x6eb8 (size before relaxing)
 .debug_str     0x0000863a      0x273 ./libee.a(ee_startos.o)
                               0x7331 (size before relaxing)
 .debug_str     0x000088ad       0x74 ./libee.a(ee_rq_first.o)
                               0x6e83 (size before relaxing)
 .debug_str     0x00008921      0x1db ./libee.a(ee_altick.o)
                               0x73c8 (size before relaxing)
 .debug_str     0x00008afc       0x73 ./libee.a(ee_evclear.o)
                               0x6f59 (size before relaxing)
 .debug_str     0x00008b6f       0xd1 ./libee.a(ee_evwait.o)
                               0x715e (size before relaxing)
 .debug_str     0x00008c40       0x78 ./libee.a(ee_hal_structs.o)
                               0x6e4c (size before relaxing)
 .debug_str     0x00008cb8       0xa0 ./libee.a(ee_context.o)
                               0x6ed2 (size before relaxing)
 .debug_str     0x00008d58       0xa6 ./libee.a(ee_thendin.o)
                               0x70cd (size before relaxing)
 .debug_str     0x00008dfe       0xa1 ./libee.a(ee_tnterm.o)
                               0x6eb6 (size before relaxing)
 .debug_str     0x00008e9f       0x74 ./libee.a(ee_rq_inser.o)
                               0x6ebd (size before relaxing)

.comment        0x00000000       0x11
 .comment       0x00000000       0x11 obj/eecfg.o
                                 0x12 (size before relaxing)
 .comment       0x00000000       0x12 obj/code.o
 .comment       0x00000000       0x12 ./libee.a(ee_e200zx_cpu.o)
 .comment       0x00000000       0x12 ./libee.a(ee_irq.o)
 .comment       0x00000000       0x12 ./libee.a(ee_irqendin.o)
 .comment       0x00000000       0x12 ./libee.a(ee_tstub.o)
 .comment       0x00000000       0x12 ./libee.a(ee_lookup.o)
 .comment       0x00000000       0x12 ./libee.a(ee_rq_exchg.o)
 .comment       0x00000000       0x12 ./libee.a(ee_startos.o)
 .comment       0x00000000       0x12 ./libee.a(ee_rq_first.o)
 .comment       0x00000000       0x12 ./libee.a(ee_altick.o)
 .comment       0x00000000       0x12 ./libee.a(ee_evclear.o)
 .comment       0x00000000       0x12 ./libee.a(ee_evwait.o)
 .comment       0x00000000       0x12 ./libee.a(ee_hal_structs.o)
 .comment       0x00000000       0x12 ./libee.a(ee_context.o)
 .comment       0x00000000       0x12 ./libee.a(ee_thendin.o)
 .comment       0x00000000       0x12 ./libee.a(ee_tnterm.o)
 .comment       0x00000000       0x12 ./libee.a(ee_rq_inser.o)

.PPC.EMB.apuinfo
                0x00000000       0x1c
 .PPC.EMB.apuinfo
                0x00000000       0x1c obj/code.o
 .PPC.EMB.apuinfo
                0x0000001c       0x18 obj/pkg/mcu/freescale_mpc5674f/src/ee_boot.o
 .PPC.EMB.apuinfo
                0x00000034       0x18 ./libee.a(ee_entry.o)
 .PPC.EMB.apuinfo
                0x0000004c       0x18 ./libee.a(ee_e200zx_cpu.o)
 .PPC.EMB.apuinfo
                0x00000064       0x18 ./libee.a(ee_ivor.o)
 .PPC.EMB.apuinfo
                0x0000007c       0x18 ./libee.a(ee_irq.o)
 .PPC.EMB.apuinfo
                0x00000094       0x18 ./libee.a(ee_irqendin.o)
 .PPC.EMB.apuinfo
                0x000000ac       0x18 ./libee.a(ee_tstub.o)
 .PPC.EMB.apuinfo
                0x000000c4       0x18 ./libee.a(ee_rq_exchg.o)
 .PPC.EMB.apuinfo
                0x000000dc       0x18 ./libee.a(ee_startos.o)
 .PPC.EMB.apuinfo
                0x000000f4       0x18 ./libee.a(ee_rq_first.o)
 .PPC.EMB.apuinfo
                0x0000010c       0x18 ./libee.a(ee_altick.o)
 .PPC.EMB.apuinfo
                0x00000124       0x18 ./libee.a(ee_evclear.o)
 .PPC.EMB.apuinfo
                0x0000013c       0x18 ./libee.a(ee_evwait.o)
 .PPC.EMB.apuinfo
                0x00000154       0x18 ./libee.a(ee_irq_stack.o)
 .PPC.EMB.apuinfo
                0x0000016c       0x18 ./libee.a(ee_oo.o)
 .PPC.EMB.apuinfo
                0x00000184       0x18 ./libee.a(ee_context.o)
 .PPC.EMB.apuinfo
                0x0000019c       0x18 ./libee.a(ee_context.o)
 .PPC.EMB.apuinfo
                0x000001b4       0x18 ./libee.a(ee_thendin.o)
 .PPC.EMB.apuinfo
                0x000001cc       0x18 ./libee.a(ee_tnterm.o)
 .PPC.EMB.apuinfo
                0x000001e4       0x18 ./libee.a(ee_rq_inser.o)

.debug_loc      0x00000000     0x1432
 .debug_loc     0x00000000      0x2f1 obj/code.o
 .debug_loc     0x000002f1       0xff ./libee.a(ee_e200zx_cpu.o)
 .debug_loc     0x000003f0       0xfe ./libee.a(ee_irq.o)
 .debug_loc     0x000004ee       0xeb ./libee.a(ee_irqendin.o)
 .debug_loc     0x000005d9       0x2c ./libee.a(ee_tstub.o)
 .debug_loc     0x00000605       0x48 ./libee.a(ee_rq_exchg.o)
 .debug_loc     0x0000064d      0x23e ./libee.a(ee_startos.o)
 .debug_loc     0x0000088b       0x34 ./libee.a(ee_rq_first.o)
 .debug_loc     0x000008bf      0x6ea ./libee.a(ee_altick.o)
 .debug_loc     0x00000fa9       0x7e ./libee.a(ee_evclear.o)
 .debug_loc     0x00001027      0x1dc ./libee.a(ee_evwait.o)
 .debug_loc     0x00001203       0x4d ./libee.a(ee_context.o)
 .debug_loc     0x00001250      0x164 ./libee.a(ee_thendin.o)
 .debug_loc     0x000013b4       0x20 ./libee.a(ee_tnterm.o)
 .debug_loc     0x000013d4       0x5e ./libee.a(ee_rq_inser.o)

.debug_ranges   0x00000000      0x358
 .debug_ranges  0x00000000       0xa0 obj/code.o
 .debug_ranges  0x000000a0       0x20 ./libee.a(ee_entry.o)
 .debug_ranges  0x000000c0       0x38 ./libee.a(ee_e200zx_cpu.o)
 .debug_ranges  0x000000f8       0x18 ./libee.a(ee_irq.o)
 .debug_ranges  0x00000110       0x18 ./libee.a(ee_irqendin.o)
 .debug_ranges  0x00000128       0x10 ./libee.a(ee_tstub.o)
 .debug_ranges  0x00000138       0x10 ./libee.a(ee_rq_exchg.o)
 .debug_ranges  0x00000148       0xd0 ./libee.a(ee_startos.o)
 .debug_ranges  0x00000218       0x10 ./libee.a(ee_rq_first.o)
 .debug_ranges  0x00000228       0xd0 ./libee.a(ee_altick.o)
 .debug_ranges  0x000002f8       0x10 ./libee.a(ee_evclear.o)
 .debug_ranges  0x00000308       0x10 ./libee.a(ee_evwait.o)
 .debug_ranges  0x00000318       0x10 ./libee.a(ee_context.o)
 .debug_ranges  0x00000328       0x10 ./libee.a(ee_thendin.o)
 .debug_ranges  0x00000338       0x10 ./libee.a(ee_tnterm.o)
 .debug_ranges  0x00000348       0x10 ./libee.a(ee_rq_inser.o)

.debug_frame    0x00000000      0x41c
 .debug_frame   0x00000000       0xd8 obj/code.o
 .debug_frame   0x000000d8       0x70 ./libee.a(ee_e200zx_cpu.o)
 .debug_frame   0x00000148       0x48 ./libee.a(ee_irq.o)
 .debug_frame   0x00000190       0x3c ./libee.a(ee_irqendin.o)
 .debug_frame   0x000001cc       0x2c ./libee.a(ee_tstub.o)
 .debug_frame   0x000001f8       0x20 ./libee.a(ee_rq_exchg.o)
 .debug_frame   0x00000218       0x50 ./libee.a(ee_startos.o)
 .debug_frame   0x00000268       0x20 ./libee.a(ee_rq_first.o)
 .debug_frame   0x00000288       0x9c ./libee.a(ee_altick.o)
 .debug_frame   0x00000324       0x20 ./libee.a(ee_evclear.o)
 .debug_frame   0x00000344       0x34 ./libee.a(ee_evwait.o)
 .debug_frame   0x00000378       0x2c ./libee.a(ee_context.o)
 .debug_frame   0x000003a4       0x30 ./libee.a(ee_thendin.o)
 .debug_frame   0x000003d4       0x28 ./libee.a(ee_tnterm.o)
 .debug_frame   0x000003fc       0x20 ./libee.a(ee_rq_inser.o)

Cross Reference Table

Symbol                                            File
EE_ApplicationMode                                obj/eecfg.o
                                                  ./libee.a(ee_startos.o)
EE_IRQ_end_instance                               ./libee.a(ee_irqendin.o)
                                                  ./libee.a(ee_irq.o)
EE_IRQ_end_post_stub                              ./libee.a(ee_irqendin.o)
                                                  ./libee.a(ee_irq.o)
EE_IRQ_nesting_level                              ./libee.a(ee_hal_structs.o)
                                                  ./libee.a(ee_evwait.o)
                                                  ./libee.a(ee_evclear.o)
                                                  ./libee.a(ee_altick.o)
                                                  ./libee.a(ee_irq.o)
EE_ORTI_lasterror                                 ./libee.a(ee_startos.o)
                                                  ./libee.a(ee_tnterm.o)
                                                  ./libee.a(ee_evwait.o)
                                                  ./libee.a(ee_evclear.o)
                                                  ./libee.a(ee_altick.o)
                                                  ./libee.a(ee_irqendin.o)
EE_ORTI_runningisr2                               ./libee.a(ee_startos.o)
                                                  ./libee.a(ee_irq.o)
EE_ORTI_servicetrace                              ./libee.a(ee_startos.o)
                                                  ./libee.a(ee_evwait.o)
                                                  ./libee.a(ee_evclear.o)
                                                  ./libee.a(ee_altick.o)
                                                  obj/code.o
EE_ORTI_th_priority                               ./libee.a(ee_startos.o)
                                                  ./libee.a(ee_thendin.o)
                                                  ./libee.a(ee_evwait.o)
                                                  ./libee.a(ee_altick.o)
                                                  ./libee.a(ee_irqendin.o)
EE_alarm_ROM                                      obj/eecfg.o
                                                  ./libee.a(ee_altick.o)
EE_counter_RAM                                    obj/eecfg.o
                                                  ./libee.a(ee_altick.o)
EE_counter_ROM                                    obj/eecfg.o
                                                  ./libee.a(ee_altick.o)
EE_e200z7_IRQ_tos                                 obj/eecfg.o
                                                  ./libee.a(ee_irq_stack.o)
EE_e200z7_ISR_table                               ./libee.a(ee_irq.o)
EE_e200z7_active_tos                              obj/eecfg.o
                                                  ./libee.a(ee_context.o)
                                                  ./libee.a(ee_irq.o)
EE_e200z7_irq                                     ./libee.a(ee_irq.o)
                                                  ./libee.a(ee_entry.o)
EE_e200z7_register_ISR                            ./libee.a(ee_irq.o)
                                                  obj/code.o
EE_e200z7_setup_decrementer                       ./libee.a(ee_e200zx_cpu.o)
                                                  obj/code.o
EE_e200z7_setup_decrementer_oneshot               ./libee.a(ee_e200zx_cpu.o)
EE_e200z7_stop_decrementer                        ./libee.a(ee_e200zx_cpu.o)
EE_e200z7_system_tos                              obj/eecfg.o
                                                  ./libee.a(ee_context.o)
EE_e200zx_call_ISR                                ./libee.a(ee_irq_stack.o)
                                                  ./libee.a(ee_irq.o)
EE_e200zx_decrementer_handler                     ./libee.a(ee_entry.o)
                                                  ./libee.a(ee_ivor.o)
EE_e200zx_delay                                   ./libee.a(ee_e200zx_cpu.o)
EE_e200zx_external_input_handler                  ./libee.a(ee_entry.o)
                                                  ./libee.a(ee_ivor.o)
EE_e200zx_fixed_intv_handler                      ./libee.a(ee_entry.o)
                                                  ./libee.a(ee_ivor.o)
EE_e200zx_setup_fixed_intv                        ./libee.a(ee_e200zx_cpu.o)
EE_e200zx_stop_fixed_intv                         ./libee.a(ee_e200zx_cpu.o)
EE_e200zx_sys_stack                               ./libee.a(ee_e200zx_cpu.o)
                                                  obj/pkg/mcu/freescale_mpc5674f/src/ee_boot.o
EE_e200zx_tmp_tos                                 ./libee.a(ee_irq_stack.o)
EE_hal_terminate_savestk                          ./libee.a(ee_oo.o)
                                                  ./libee.a(ee_tstub.o)
EE_hal_terminate_task                             ./libee.a(ee_oo.o)
                                                  ./libee.a(ee_tnterm.o)
EE_hal_thread_body                                obj/eecfg.o
EE_oo_ClearEvent                                  ./libee.a(ee_evclear.o)
                                                  obj/code.o
EE_oo_IRQ_disable_count                           ./libee.a(ee_lookup.o)
                                                  ./libee.a(ee_thendin.o)
                                                  ./libee.a(ee_irqendin.o)
                                                  obj/code.o
EE_oo_IRQ_suspend_status                          ./libee.a(ee_lookup.o)
EE_oo_IncrementCounter                            ./libee.a(ee_altick.o)
                                                  obj/code.o
EE_oo_IncrementCounterHardware                    ./libee.a(ee_altick.o)
EE_oo_IncrementCounterImplementation              ./libee.a(ee_altick.o)
EE_oo_StartOS                                     ./libee.a(ee_startos.o)
                                                  obj/code.o
EE_oo_WaitEvent                                   ./libee.a(ee_evwait.o)
                                                  obj/code.o
EE_oo_action_ROM                                  obj/eecfg.o
                                                  ./libee.a(ee_altick.o)
EE_oo_autostart_alarm_cycle                       obj/eecfg.o
                                                  ./libee.a(ee_startos.o)
EE_oo_autostart_alarm_data                        obj/eecfg.o
                                                  ./libee.a(ee_startos.o)
EE_oo_autostart_alarm_increment                   obj/eecfg.o
                                                  ./libee.a(ee_startos.o)
EE_oo_autostart_task_data                         obj/eecfg.o
                                                  ./libee.a(ee_startos.o)
EE_oo_counter_object_RAM                          obj/eecfg.o
                                                  ./libee.a(ee_altick.o)
                                                  ./libee.a(ee_startos.o)
EE_oo_counter_object_ROM                          obj/eecfg.o
                                                  ./libee.a(ee_altick.o)
EE_oo_counter_object_insert                       ./libee.a(ee_altick.o)
                                                  ./libee.a(ee_startos.o)
EE_oo_started                                     ./libee.a(ee_startos.o)
EE_oo_thread_stub                                 ./libee.a(ee_tstub.o)
                                                  ./libee.a(ee_context.o)
                                                  obj/eecfg.o
EE_rq2stk_exchange                                ./libee.a(ee_rq_exchg.o)
                                                  ./libee.a(ee_thendin.o)
                                                  ./libee.a(ee_evwait.o)
                                                  ./libee.a(ee_altick.o)
                                                  ./libee.a(ee_startos.o)
                                                  ./libee.a(ee_irqendin.o)
EE_rq_bitmask                                     obj/eecfg.o
                                                  ./libee.a(ee_rq_inser.o)
                                                  ./libee.a(ee_rq_first.o)
                                                  ./libee.a(ee_rq_exchg.o)
EE_rq_free                                        obj/eecfg.o
                                                  ./libee.a(ee_rq_inser.o)
                                                  ./libee.a(ee_rq_exchg.o)
EE_rq_insert                                      ./libee.a(ee_rq_inser.o)
                                                  ./libee.a(ee_thendin.o)
                                                  ./libee.a(ee_altick.o)
                                                  ./libee.a(ee_startos.o)
EE_rq_link                                        obj/eecfg.o
                                                  ./libee.a(ee_rq_inser.o)
EE_rq_lookup                                      ./libee.a(ee_lookup.o)
                                                  ./libee.a(ee_rq_first.o)
                                                  ./libee.a(ee_rq_exchg.o)
EE_rq_pairs_next                                  obj/eecfg.o
                                                  ./libee.a(ee_rq_inser.o)
                                                  ./libee.a(ee_rq_exchg.o)
EE_rq_pairs_tid                                   obj/eecfg.o
                                                  ./libee.a(ee_rq_inser.o)
                                                  ./libee.a(ee_rq_first.o)
                                                  ./libee.a(ee_rq_exchg.o)
EE_rq_queryfirst                                  ./libee.a(ee_rq_first.o)
                                                  ./libee.a(ee_thendin.o)
                                                  ./libee.a(ee_evwait.o)
                                                  ./libee.a(ee_altick.o)
                                                  ./libee.a(ee_startos.o)
                                                  ./libee.a(ee_irqendin.o)
EE_rq_queues_head                                 obj/eecfg.o
                                                  ./libee.a(ee_rq_inser.o)
                                                  ./libee.a(ee_rq_first.o)
                                                  ./libee.a(ee_rq_exchg.o)
EE_rq_queues_tail                                 obj/eecfg.o
                                                  ./libee.a(ee_rq_inser.o)
                                                  ./libee.a(ee_rq_exchg.o)
EE_std_change_context                             ./libee.a(ee_context.o)
                                                  ./libee.a(ee_evwait.o)
                                                  ./libee.a(ee_altick.o)
                                                  ./libee.a(ee_startos.o)
                                                  ./libee.a(ee_irq.o)
EE_std_endcycle_next_tid                          ./libee.a(ee_hal_structs.o)
                                                  ./libee.a(ee_thendin.o)
                                                  ./libee.a(ee_context.o)
                                                  ./libee.a(ee_irqendin.o)
                                                  ./libee.a(ee_irq.o)
EE_std_run_task_code                              ./libee.a(ee_context.o)
                                                  ./libee.a(ee_context.o)
EE_std_thread_tos                                 obj/eecfg.o
                                                  ./libee.a(ee_context.o)
                                                  ./libee.a(ee_irq.o)
EE_stkfirst                                       obj/eecfg.o
                                                  ./libee.a(ee_tnterm.o)
                                                  ./libee.a(ee_thendin.o)
                                                  ./libee.a(ee_evwait.o)
                                                  ./libee.a(ee_evclear.o)
                                                  ./libee.a(ee_altick.o)
                                                  ./libee.a(ee_rq_exchg.o)
                                                  ./libee.a(ee_tstub.o)
                                                  ./libee.a(ee_irqendin.o)
EE_sys_ceiling                                    obj/eecfg.o
                                                  ./libee.a(ee_thendin.o)
                                                  ./libee.a(ee_evwait.o)
                                                  ./libee.a(ee_altick.o)
                                                  ./libee.a(ee_startos.o)
                                                  ./libee.a(ee_irqendin.o)
EE_terminate_data                                 obj/eecfg.o
                                                  ./libee.a(ee_oo.o)
EE_terminate_real_th_body                         obj/eecfg.o
                                                  ./libee.a(ee_oo.o)
EE_th_dispatch_prio                               obj/eecfg.o
                                                  ./libee.a(ee_thendin.o)
                                                  ./libee.a(ee_evwait.o)
                                                  ./libee.a(ee_altick.o)
                                                  ./libee.a(ee_startos.o)
                                                  ./libee.a(ee_irqendin.o)
EE_th_event_active                                obj/eecfg.o
                                                  ./libee.a(ee_thendin.o)
                                                  ./libee.a(ee_evwait.o)
                                                  ./libee.a(ee_evclear.o)
                                                  ./libee.a(ee_altick.o)
                                                  ./libee.a(ee_startos.o)
EE_th_event_waitmask                              obj/eecfg.o
                                                  ./libee.a(ee_evwait.o)
                                                  ./libee.a(ee_altick.o)
EE_th_is_extended                                 obj/eecfg.o
                                                  ./libee.a(ee_evwait.o)
                                                  ./libee.a(ee_evclear.o)
                                                  ./libee.a(ee_altick.o)
EE_th_next                                        obj/eecfg.o
                                                  ./libee.a(ee_thendin.o)
                                                  ./libee.a(ee_evwait.o)
                                                  ./libee.a(ee_rq_exchg.o)
EE_th_ready_prio                                  obj/eecfg.o
                                                  ./libee.a(ee_rq_inser.o)
                                                  ./libee.a(ee_thendin.o)
                                                  ./libee.a(ee_evwait.o)
                                                  ./libee.a(ee_altick.o)
                                                  ./libee.a(ee_irqendin.o)
EE_th_rnact                                       obj/eecfg.o
                                                  ./libee.a(ee_thendin.o)
                                                  ./libee.a(ee_altick.o)
                                                  ./libee.a(ee_startos.o)
EE_th_rnact_max                                   obj/eecfg.o
                                                  ./libee.a(ee_thendin.o)
EE_th_status                                      obj/eecfg.o
                                                  ./libee.a(ee_thendin.o)
                                                  ./libee.a(ee_evwait.o)
                                                  ./libee.a(ee_altick.o)
                                                  ./libee.a(ee_startos.o)
                                                  ./libee.a(ee_irqendin.o)
EE_th_terminate_nextask                           obj/eecfg.o
                                                  ./libee.a(ee_thendin.o)
EE_th_waswaiting                                  obj/eecfg.o
                                                  ./libee.a(ee_thendin.o)
                                                  ./libee.a(ee_evwait.o)
                                                  ./libee.a(ee_altick.o)
                                                  ./libee.a(ee_irqendin.o)
EE_thread_end_instance                            ./libee.a(ee_thendin.o)
                                                  ./libee.a(ee_context.o)
EE_thread_not_terminated                          ./libee.a(ee_tnterm.o)
                                                  ./libee.a(ee_oo.o)
FuncTask1                                         obj/code.o
                                                  obj/eecfg.o
FuncTask2                                         obj/code.o
                                                  obj/eecfg.o
_SDA2_BASE_                                       obj/pkg/mcu/freescale_mpc5674f/src/ee_boot.o
_SDA_BASE_                                        obj/pkg/mcu/freescale_mpc5674f/src/ee_boot.o
__start                                           obj/pkg/mcu/freescale_mpc5674f/src/ee_boot.o
button_fired                                      obj/code.o
cpu_setup                                         ./libee.a(ee_entry.o)
                                                  obj/pkg/mcu/freescale_mpc5674f/src/ee_boot.o
dummy_shared_variable                             obj/code.o
ee_ebss                                           obj/pkg/mcu/freescale_mpc5674f/src/ee_boot.o
ee_esbss2                                         obj/pkg/mcu/freescale_mpc5674f/src/ee_boot.o
ee_estack                                         obj/pkg/mcu/freescale_mpc5674f/src/ee_boot.o
ee_load_ram                                       obj/pkg/mcu/freescale_mpc5674f/src/ee_boot.o
ee_sbss                                           obj/pkg/mcu/freescale_mpc5674f/src/ee_boot.o
ee_sdata                                          obj/pkg/mcu/freescale_mpc5674f/src/ee_boot.o
ee_ssbss2                                         obj/pkg/mcu/freescale_mpc5674f/src/ee_boot.o
ee_sstack                                         obj/pkg/mcu/freescale_mpc5674f/src/ee_boot.o
ivor_setup                                        ./libee.a(ee_ivor.o)
                                                  ./libee.a(ee_entry.o)
led_blink                                         obj/code.o
main                                              obj/code.o
                                                  obj/pkg/mcu/freescale_mpc5674f/src/ee_boot.o
mydelay                                           obj/code.o
sram_setup                                        ./libee.a(ee_entry.o)
                                                  obj/pkg/mcu/freescale_mpc5674f/src/ee_boot.o
task1_ctr                                         obj/code.o
task1_fired                                       obj/code.o
task1_state                                       obj/code.o
task2_fired                                       obj/code.o
timer_divisor                                     obj/code.o
timer_fired                                       obj/code.o
tunable_delay                                     obj/code.o
